[2026-05-05T05:26:06.332Z] 1:26:06 AM [vite] changed tsconfig file detected: /home/ubuntu/mitologia_landing/tsconfig.json - Clearing cache and forcing full-reload to ensure TypeScript is compiled with updated config values.
[2026-05-05T05:26:06.333Z] 1:26:06 AM [vite] vite.config.ts changed, restarting server...
[2026-05-05T05:26:06.340Z] 1:26:06 AM [vite] (client) page reload public/.gitkeep
[2026-05-05T05:26:06.341Z] 1:26:06 AM [vite] (client) page reload public/_redirects
[2026-05-05T05:26:06.341Z] 1:26:06 AM [vite] (client) page reload public/__manus__/debug-collector.js
[2026-05-05T05:26:06.341Z] 1:26:06 AM [vite] (client) page reload index.html
[2026-05-05T05:26:06.342Z] 1:26:06 AM [vite] (client) page reload src/App.tsx
[2026-05-05T05:26:06.342Z] 1:26:06 AM [vite] (client) page reload src/const.ts
[2026-05-05T05:26:06.342Z] 1:26:06 AM [vite] (client) hmr update /src/index.css
[2026-05-05T05:26:06.343Z] 1:26:06 AM [vite] (client) page reload src/main.tsx
[2026-05-05T05:26:06.343Z] 1:26:06 AM [vite] (client) page reload src/components/AutoCarousel.tsx
[2026-05-05T05:26:06.343Z] 1:26:06 AM [vite] (client) page reload src/components/BenefitsSection.tsx
[2026-05-05T05:26:06.344Z] 1:26:06 AM [vite] (client) page reload src/components/Carousel.tsx
[2026-05-05T05:26:06.344Z] 1:26:06 AM [vite] (client) page reload src/components/ContentShowcase.tsx
[2026-05-05T05:26:06.344Z] 1:26:06 AM [vite] (client) page reload src/components/ErrorBoundary.tsx
[2026-05-05T05:26:06.345Z] 1:26:06 AM [vite] (client) page reload src/components/FinalCTA.tsx
[2026-05-05T05:26:06.345Z] 1:26:06 AM [vite] (client) page reload src/components/Footer.tsx
[2026-05-05T05:26:06.345Z] 1:26:06 AM [vite] (client) page reload src/components/HeroSection.tsx
[2026-05-05T05:26:06.345Z] 1:26:06 AM [vite] (client) page reload src/components/ManusDialog.tsx
[2026-05-05T05:26:06.346Z] 1:26:06 AM [vite] (client) page reload src/components/Map.tsx
[2026-05-05T05:26:06.346Z] 1:26:06 AM [vite] (client) page reload src/components/PricingPlans.tsx
[2026-05-05T05:26:06.346Z] 1:26:06 AM [vite] (client) page reload src/components/ProductPresentation.tsx
[2026-05-05T05:26:06.347Z] 1:26:06 AM [vite] (client) page reload src/components/QuaternaryHub.tsx
[2026-05-05T05:26:06.347Z] 1:26:06 AM [vite] (client) page reload src/components/SecondaryHub.tsx
[2026-05-05T05:26:06.347Z] 1:26:06 AM [vite] (client) page reload src/components/TertiaryHub.tsx
[2026-05-05T05:26:06.347Z] 1:26:06 AM [vite] (client) page reload src/components/ui/accordion.tsx
[2026-05-05T05:26:06.348Z] 1:26:06 AM [vite] (client) page reload src/components/ui/alert-dialog.tsx
[2026-05-05T05:26:06.348Z] 1:26:06 AM [vite] (client) page reload src/components/ui/alert.tsx
[2026-05-05T05:26:06.349Z] 1:26:06 AM [vite] (client) page reload src/components/ui/aspect-ratio.tsx
[2026-05-05T05:26:06.349Z] 1:26:06 AM [vite] (client) page reload src/components/ui/avatar.tsx
[2026-05-05T05:26:06.350Z] 1:26:06 AM [vite] (client) page reload src/components/ui/badge.tsx
[2026-05-05T05:26:06.350Z] 1:26:06 AM [vite] (client) page reload src/components/ui/breadcrumb.tsx
[2026-05-05T05:26:06.350Z] 1:26:06 AM [vite] (client) page reload src/components/ui/button-group.tsx
[2026-05-05T05:26:06.351Z] 1:26:06 AM [vite] (client) page reload src/components/ui/button.tsx
[2026-05-05T05:26:06.351Z] 1:26:06 AM [vite] (client) page reload src/components/ui/calendar.tsx
[2026-05-05T05:26:06.351Z] 1:26:06 AM [vite] (client) page reload src/components/ui/card.tsx
[2026-05-05T05:26:06.351Z] 1:26:06 AM [vite] (client) page reload src/components/ui/carousel.tsx
[2026-05-05T05:26:06.352Z] 1:26:06 AM [vite] (client) page reload src/components/ui/chart.tsx
[2026-05-05T05:26:06.352Z] 1:26:06 AM [vite] (client) page reload src/components/ui/checkbox.tsx
[2026-05-05T05:26:06.352Z] 1:26:06 AM [vite] (client) page reload src/components/ui/collapsible.tsx
[2026-05-05T05:26:06.353Z] 1:26:06 AM [vite] (client) page reload src/components/ui/command.tsx
[2026-05-05T05:26:06.353Z] 1:26:06 AM [vite] (client) page reload src/components/ui/context-menu.tsx
[2026-05-05T05:26:06.353Z] 1:26:06 AM [vite] (client) page reload src/components/ui/dialog.tsx
[2026-05-05T05:26:06.354Z] 1:26:06 AM [vite] (client) page reload src/components/ui/drawer.tsx
[2026-05-05T05:26:06.354Z] 1:26:06 AM [vite] (client) page reload src/components/ui/dropdown-menu.tsx
[2026-05-05T05:26:06.354Z] 1:26:06 AM [vite] (client) page reload src/components/ui/empty.tsx
[2026-05-05T05:26:06.355Z] 1:26:06 AM [vite] (client) page reload src/components/ui/field.tsx
[2026-05-05T05:26:06.355Z] 1:26:06 AM [vite] (client) page reload src/components/ui/form.tsx
[2026-05-05T05:26:06.355Z] 1:26:06 AM [vite] (client) page reload src/components/ui/hover-card.tsx
[2026-05-05T05:26:06.355Z] 1:26:06 AM [vite] (client) page reload src/components/ui/input-group.tsx
[2026-05-05T05:26:06.356Z] 1:26:06 AM [vite] (client) page reload src/components/ui/input-otp.tsx
[2026-05-05T05:26:06.356Z] 1:26:06 AM [vite] (client) page reload src/components/ui/input.tsx
[2026-05-05T05:26:06.356Z] 1:26:06 AM [vite] (client) page reload src/components/ui/item.tsx
[2026-05-05T05:26:06.357Z] 1:26:06 AM [vite] (client) page reload src/components/ui/kbd.tsx
[2026-05-05T05:26:06.357Z] 1:26:06 AM [vite] (client) page reload src/components/ui/label.tsx
[2026-05-05T05:26:06.357Z] 1:26:06 AM [vite] (client) page reload src/components/ui/menubar.tsx
[2026-05-05T05:26:06.357Z] 1:26:06 AM [vite] (client) page reload src/components/ui/navigation-menu.tsx
[2026-05-05T05:26:06.358Z] 1:26:06 AM [vite] (client) page reload src/components/ui/pagination.tsx
[2026-05-05T05:26:06.358Z] 1:26:06 AM [vite] (client) page reload src/components/ui/popover.tsx
[2026-05-05T05:26:06.358Z] 1:26:06 AM [vite] (client) page reload src/components/ui/progress.tsx
[2026-05-05T05:26:06.359Z] 1:26:06 AM [vite] (client) page reload src/components/ui/radio-group.tsx
[2026-05-05T05:26:06.359Z] 1:26:06 AM [vite] (client) page reload src/components/ui/resizable.tsx
[2026-05-05T05:26:06.359Z] 1:26:06 AM [vite] (client) page reload src/components/ui/scroll-area.tsx
[2026-05-05T05:26:06.359Z] 1:26:06 AM [vite] (client) page reload src/components/ui/select.tsx
[2026-05-05T05:26:06.360Z] 1:26:06 AM [vite] (client) page reload src/components/ui/separator.tsx
[2026-05-05T05:26:06.360Z] 1:26:06 AM [vite] (client) page reload src/components/ui/sheet.tsx
[2026-05-05T05:26:06.360Z] 1:26:06 AM [vite] (client) page reload src/components/ui/sidebar.tsx
[2026-05-05T05:26:06.360Z] 1:26:06 AM [vite] (client) page reload src/components/ui/skeleton.tsx
[2026-05-05T05:26:06.361Z] 1:26:06 AM [vite] (client) page reload src/components/ui/slider.tsx
[2026-05-05T05:26:06.361Z] 1:26:06 AM [vite] (client) page reload src/components/ui/sonner.tsx
[2026-05-05T05:26:06.361Z] 1:26:06 AM [vite] (client) page reload src/components/ui/spinner.tsx
[2026-05-05T05:26:06.362Z] 1:26:06 AM [vite] (client) page reload src/components/ui/switch.tsx
[2026-05-05T05:26:06.362Z] 1:26:06 AM [vite] (client) page reload src/components/ui/table.tsx
[2026-05-05T05:26:06.362Z] 1:26:06 AM [vite] (client) page reload src/components/ui/tabs.tsx
[2026-05-05T05:26:06.362Z] 1:26:06 AM [vite] (client) page reload src/components/ui/textarea.tsx
[2026-05-05T05:26:06.363Z] 1:26:06 AM [vite] (client) page reload src/components/ui/toggle-group.tsx
[2026-05-05T05:26:06.363Z] 1:26:06 AM [vite] (client) page reload src/components/ui/toggle.tsx
[2026-05-05T05:26:06.363Z] 1:26:06 AM [vite] (client) page reload src/components/ui/tooltip.tsx
[2026-05-05T05:26:06.363Z] 1:26:06 AM [vite] (client) page reload src/contexts/ThemeContext.tsx
[2026-05-05T05:26:06.364Z] 1:26:06 AM [vite] (client) page reload src/data/niches.ts
[2026-05-05T05:26:06.364Z] 1:26:06 AM [vite] (client) page reload src/hooks/useComposition.ts
[2026-05-05T05:26:06.364Z] 1:26:06 AM [vite] (client) page reload src/hooks/useMobile.tsx
[2026-05-05T05:26:06.365Z] 1:26:06 AM [vite] (client) page reload src/hooks/usePersistFn.ts
[2026-05-05T05:26:06.365Z] 1:26:06 AM [vite] (client) page reload src/lib/utils.ts
[2026-05-05T05:26:06.365Z] 1:26:06 AM [vite] (client) page reload src/pages/FitnessLanding.tsx
[2026-05-05T05:26:06.365Z] 1:26:06 AM [vite] (client) page reload src/pages/Home.tsx
[2026-05-05T05:26:06.366Z] 1:26:06 AM [vite] (client) page reload src/pages/Hub.tsx
[2026-05-05T05:26:06.366Z] 1:26:06 AM [vite] (client) page reload src/pages/MentalLanding.tsx
[2026-05-05T05:26:06.366Z] 1:26:06 AM [vite] (client) page reload src/pages/MythologyLanding.tsx
[2026-05-05T05:26:06.367Z] 1:26:06 AM [vite] (client) page reload src/pages/NotFound.tsx
[2026-05-05T05:26:06.367Z] 1:26:06 AM [vite] (client) page reload src/pages/niches/FinanceTertiary.tsx
[2026-05-05T05:26:06.367Z] 1:26:06 AM [vite] (client) page reload src/pages/niches/FitnessHealthSecondary.tsx
[2026-05-05T05:26:06.368Z] 1:26:06 AM [vite] (client) page reload src/pages/niches/FitnessHub.tsx
[2026-05-05T05:26:06.368Z] 1:26:06 AM [vite] (client) page reload src/pages/niches/FitnessTertiary.tsx
[2026-05-05T05:26:06.368Z] 1:26:06 AM [vite] (client) page reload src/pages/niches/FoodTertiary.tsx
[2026-05-05T05:26:06.369Z] 1:26:06 AM [vite] (client) page reload src/pages/niches/HealthTertiary.tsx
[2026-05-05T05:26:06.369Z] 1:26:06 AM [vite] (client) page reload src/pages/niches/MentalFinanceHub.tsx
[2026-05-05T05:26:06.369Z] 1:26:06 AM [vite] (client) page reload src/pages/niches/MentalFinanceSecondary.tsx
[2026-05-05T05:26:06.370Z] 1:26:06 AM [vite] (client) page reload src/pages/niches/MentalTertiary.tsx
[2026-05-05T05:26:06.370Z] 1:26:06 AM [vite] (client) page reload src/pages/niches/MythologyGreekBattles.tsx
[2026-05-05T05:26:06.371Z] 1:26:06 AM [vite] (client) page reload src/pages/niches/MythologyGreekGeneral.tsx
[2026-05-05T05:26:06.371Z] 1:26:06 AM [vite] (client) page reload src/pages/niches/MythologyGreekGods.tsx
[2026-05-05T05:26:06.371Z] 1:26:06 AM [vite] (client) page reload src/pages/niches/MythologyGreekHeroes.tsx
[2026-05-05T05:26:06.372Z] 1:26:06 AM [vite] (client) page reload src/pages/niches/MythologyGreekTertiary.tsx
[2026-05-05T05:26:06.372Z] 1:26:06 AM [vite] (client) page reload src/pages/niches/MythologyHub.tsx
[2026-05-05T05:26:06.373Z] 1:26:06 AM [vite] (client) page reload src/pages/niches/MythologySecondary.tsx
[2026-05-05T05:26:06.373Z] 1:26:06 AM [vite] (client) page reload src/pages/niches/RecipesCarousel.tsx
[2026-05-05T05:26:06.373Z] 1:26:06 AM [vite] (client) page reload src/pages/niches/RecipesHub.tsx
[2026-05-05T05:26:06.374Z] 1:26:06 AM [vite] (client) page reload src/pages/products/AztecMythology.tsx
[2026-05-05T05:26:06.374Z] 1:26:06 AM [vite] (client) page reload src/pages/products/EgyptianMythology.tsx
[2026-05-05T05:26:06.374Z] 1:26:06 AM [vite] (client) page reload src/pages/products/EmotionalIntelligence.tsx
[2026-05-05T05:26:06.374Z] 1:26:06 AM [vite] (client) page reload src/pages/products/FinancialEducation.tsx
[2026-05-05T05:26:06.375Z] 1:26:06 AM [vite] (client) page reload src/pages/products/GreekMythology.tsx
[2026-05-05T05:26:06.375Z] 1:26:06 AM [vite] (client) page reload src/pages/products/HealthyRecipes.tsx
[2026-05-05T05:26:06.375Z] 1:26:06 AM [vite] (client) page reload src/pages/products/Investments.tsx
[2026-05-05T05:26:06.375Z] 1:26:06 AM [vite] (client) page reload src/pages/products/Meditation.tsx
[2026-05-05T05:26:06.376Z] 1:26:06 AM [vite] (client) page reload src/pages/products/NordicMythology.tsx
[2026-05-05T05:26:06.376Z] 1:26:06 AM [vite] (client) page reload src/pages/products/Nutrition.tsx
[2026-05-05T05:26:06.376Z] 1:26:06 AM [vite] (client) page reload src/pages/products/ProductLanding.tsx
[2026-05-05T05:26:06.377Z] 1:26:06 AM [vite] (client) page reload src/pages/products/Supplementation.tsx
[2026-05-05T05:26:06.377Z] 1:26:06 AM [vite] (client) page reload src/pages/products/TrainingPlan.tsx
[2026-05-05T05:26:06.377Z] 1:26:06 AM [vite] (client) page reload src/pages/products/MounjaroEbook.tsx
[2026-05-05T05:26:06.392Z] 1:26:06 AM [vite] server restarted.
[2026-05-05T05:26:06.392Z] 
[2026-05-05T05:26:06.393Z] ➜  Local:   http://localhost:5173/
[2026-05-05T05:26:06.393Z] ➜  Network: http://169.254.0.21:5173/
[2026-05-05T05:47:19.479Z] Dev server process group stopped
[2026-05-05T05:47:19.484Z] ELIFECYCLE  Command failed.
[2026-05-05T05:47:19.498Z] Dev server exited with code -15
[2026-05-05T05:47:22.496Z] Starting dev server with command: pnpm run dev
[2026-05-05T05:47:22.896Z] ERR_PNPM_NO_IMPORTER_MANIFEST_FOUND  No package.json (or package.yaml, or package.json5) was found in "/home/ubuntu/mitologia_landing".
[2026-05-05T05:47:22.919Z] Dev server exited with code 1
[2026-05-05T05:48:12.459Z] Starting dev server with command: pnpm run dev
[2026-05-05T05:48:13.274Z] 
[2026-05-05T05:48:13.275Z] > mitologia_landing@1.0.0 dev /home/ubuntu/mitologia_landing
[2026-05-05T05:48:13.275Z] > vite --host
[2026-05-05T05:48:13.275Z] 
[2026-05-05T05:48:13.689Z] 
[2026-05-05T05:48:13.690Z] VITE v7.1.9  ready in 376 ms
[2026-05-05T05:48:13.690Z] 
[2026-05-05T05:48:13.690Z] ➜  Local:   http://localhost:3000/
[2026-05-05T05:48:13.691Z] ➜  Network: http://169.254.0.21:3000/
[2026-05-05T05:48:15.109Z] [baseline-browser-mapping] The data in this module is over two months old.  To ensure accurate Baseline data, please update: `npm i baseline-browser-mapping@latest -D`
[2026-05-05T05:52:42.462Z] 1:52:42 AM [vite] (client) hmr update /src/index.css
[2026-05-05T05:53:24.228Z] Dev server process group stopped
[2026-05-05T05:53:24.234Z] ELIFECYCLE  Command failed.
[2026-05-05T05:53:24.257Z] Dev server exited with code -15
[2026-05-05T05:53:27.273Z] Starting dev server with command: pnpm run dev
[2026-05-05T05:53:28.077Z] 
[2026-05-05T05:53:28.079Z] > mitologia_landing@1.0.0 dev /home/ubuntu/mitologia_landing
[2026-05-05T05:53:28.079Z] > vite --host
[2026-05-05T05:53:28.080Z] 
[2026-05-05T05:53:28.467Z] 
[2026-05-05T05:53:28.468Z] VITE v7.1.9  ready in 349 ms
[2026-05-05T05:53:28.468Z] 
[2026-05-05T05:53:28.469Z] ➜  Local:   http://localhost:3000/
[2026-05-05T05:53:28.470Z] ➜  Network: http://169.254.0.21:3000/
[2026-05-05T05:53:30.103Z] [baseline-browser-mapping] The data in this module is over two months old.  To ensure accurate Baseline data, please update: `npm i baseline-browser-mapping@latest -D`
[2026-05-05T05:55:52.066Z] 1:55:52 AM [vite] (client) hmr update /src/pages/Hub.tsx, /src/index.css
[2026-05-05T05:56:29.389Z] 1:56:29 AM [vite] (client) hmr update /src/App.tsx, /src/index.css
[2026-05-05T05:56:29.390Z] 1:56:29 AM [vite] (client) hmr update /src/pages/Hub.tsx, /src/index.css
[2026-05-05T05:56:29.394Z] 1:56:29 AM [vite] (client) hmr update /src/index.css
[2026-05-05T05:56:29.395Z] 1:56:29 AM [vite] (client) hmr update /src/pages/products/RendaExtraEbook.tsx, /src/index.css
[2026-05-05T05:56:29.528Z] 1:56:29 AM [vite] Internal server error: Can't resolve 'tailwindcss' in '/home/ubuntu/mitologia_landing/client/src'
[2026-05-05T05:56:29.528Z] Plugin: @tailwindcss/vite:generate:serve
[2026-05-05T05:56:29.529Z] File: /home/ubuntu/mitologia_landing/client/src/index.css
[2026-05-05T05:56:29.529Z] at finishWithoutResolve (/home/ubuntu/mitologia_landing/node_modules/.pnpm/enhanced-resolve@5.18.3/node_modules/enhanced-resolve/lib/Resolver.js:565:18)
[2026-05-05T05:56:29.529Z] at /home/ubuntu/mitologia_landing/node_modules/.pnpm/enhanced-resolve@5.18.3/node_modules/enhanced-resolve/lib/Resolver.js:657:14
[2026-05-05T05:56:29.529Z] at /home/ubuntu/mitologia_landing/node_modules/.pnpm/enhanced-resolve@5.18.3/node_modules/enhanced-resolve/lib/Resolver.js:718:5
[2026-05-05T05:56:29.530Z] at eval (eval at create (/home/ubuntu/mitologia_landing/node_modules/.pnpm/tapable@2.3.0/node_modules/tapable/lib/HookCodeFactory.js:31:10), <anonymous>:15:1)
[2026-05-05T05:56:29.530Z] at /home/ubuntu/mitologia_landing/node_modules/.pnpm/enhanced-resolve@5.18.3/node_modules/enhanced-resolve/lib/Resolver.js:718:5
[2026-05-05T05:56:29.530Z] at eval (eval at create (/home/ubuntu/mitologia_landing/node_modules/.pnpm/tapable@2.3.0/node_modules/tapable/lib/HookCodeFactory.js:31:10), <anonymous>:27:1)
[2026-05-05T05:56:29.531Z] at /home/ubuntu/mitologia_landing/node_modules/.pnpm/enhanced-resolve@5.18.3/node_modules/enhanced-resolve/lib/DescriptionFilePlugin.js:89:43
[2026-05-05T05:56:29.531Z] at /home/ubuntu/mitologia_landing/node_modules/.pnpm/enhanced-resolve@5.18.3/node_modules/enhanced-resolve/lib/Resolver.js:718:5
[2026-05-05T05:56:29.531Z] at eval (eval at create (/home/ubuntu/mitologia_landing/node_modules/.pnpm/tapable@2.3.0/node_modules/tapable/lib/HookCodeFactory.js:31:10), <anonymous>:15:1)
[2026-05-05T05:56:29.531Z] at /home/ubuntu/mitologia_landing/node_modules/.pnpm/enhanced-resolve@5.18.3/node_modules/enhanced-resolve/lib/Resolver.js:718:5
[2026-05-05T05:56:29.532Z] at eval (eval at create (/home/ubuntu/mitologia_landing/node_modules/.pnpm/tapable@2.3.0/node_modules/tapable/lib/HookCodeFactory.js:31:10), <anonymous>:15:1)
[2026-05-05T05:56:29.532Z] at /home/ubuntu/mitologia_landing/node_modules/.pnpm/enhanced-resolve@5.18.3/node_modules/enhanced-resolve/lib/Resolver.js:718:5
[2026-05-05T05:56:29.532Z] at eval (eval at create (/home/ubuntu/mitologia_landing/node_modules/.pnpm/tapable@2.3.0/node_modules/tapable/lib/HookCodeFactory.js:31:10), <anonymous>:42:1)
[2026-05-05T05:56:29.532Z] at /home/ubuntu/mitologia_landing/node_modules/.pnpm/enhanced-resolve@5.18.3/node_modules/enhanced-resolve/lib/ConditionalPlugin.js:53:42
[2026-05-05T05:56:29.533Z] at /home/ubuntu/mitologia_landing/node_modules/.pnpm/enhanced-resolve@5.18.3/node_modules/enhanced-resolve/lib/Resolver.js:718:5
[2026-05-05T05:56:29.533Z] at eval (eval at create (/home/ubuntu/mitologia_landing/node_modules/.pnpm/tapable@2.3.0/node_modules/tapable/lib/HookCodeFactory.js:31:10), <anonymous>:16:1)
[2026-05-05T05:56:29.533Z] at /home/ubuntu/mitologia_landing/node_modules/.pnpm/enhanced-resolve@5.18.3/node_modules/enhanced-resolve/lib/Resolver.js:718:5
[2026-05-05T05:56:29.533Z] at eval (eval at create (/home/ubuntu/mitologia_landing/node_modules/.pnpm/tapable@2.3.0/node_modules/tapable/lib/HookCodeFactory.js:31:10), <anonymous>:15:1)
[2026-05-05T05:56:29.535Z] at /home/ubuntu/mitologia_landing/node_modules/.pnpm/enhanced-resolve@5.18.3/node_modules/enhanced-resolve/lib/Resolver.js:718:5
[2026-05-05T05:56:29.536Z] at eval (eval at create (/home/ubuntu/mitologia_landing/node_modules/.pnpm/tapable@2.3.0/node_modules/tapable/lib/HookCodeFactory.js:31:10), <anonymous>:16:1)
[2026-05-05T05:56:29.537Z] at /home/ubuntu/mitologia_landing/node_modules/.pnpm/enhanced-resolve@5.18.3/node_modules/enhanced-resolve/lib/DirectoryExistsPlugin.js:43:15
[2026-05-05T05:56:29.537Z] at SyncAsyncFileSystemDecorator.stat (/home/ubuntu/mitologia_landing/node_modules/.pnpm/enhanced-resolve@5.18.3/node_modules/enhanced-resolve/lib/SyncAsyncFileSystemDecorator.js:66:34)
[2026-05-05T05:56:29.538Z] at /home/ubuntu/mitologia_landing/node_modules/.pnpm/enhanced-resolve@5.18.3/node_modules/enhanced-resolve/lib/DirectoryExistsPlugin.js:35:9
[2026-05-05T05:56:29.538Z] at _next0 (eval at create (/home/ubuntu/mitologia_landing/node_modules/.pnpm/tapable@2.3.0/node_modules/tapable/lib/HookCodeFactory.js:31:10), <anonymous>:8:1)
[2026-05-05T05:56:29.538Z] at eval (eval at create (/home/ubuntu/mitologia_landing/node_modules/.pnpm/tapable@2.3.0/node_modules/tapable/lib/HookCodeFactory.js:31:10), <anonymous>:30:1)
[2026-05-05T05:56:29.539Z] at /home/ubuntu/mitologia_landing/node_modules/.pnpm/enhanced-resolve@5.18.3/node_modules/enhanced-resolve/lib/Resolver.js:718:5
[2026-05-05T05:56:29.539Z] at eval (eval at create (/home/ubuntu/mitologia_landing/node_modules/.pnpm/tapable@2.3.0/node_modules/tapable/lib/HookCodeFactory.js:31:10), <anonymous>:27:1)
[2026-05-05T05:56:29.539Z] at /home/ubuntu/mitologia_landing/node_modules/.pnpm/enhanced-resolve@5.18.3/node_modules/enhanced-resolve/lib/DescriptionFilePlugin.js:89:43
[2026-05-05T05:56:29.539Z] at /home/ubuntu/mitologia_landing/node_modules/.pnpm/enhanced-resolve@5.18.3/node_modules/enhanced-resolve/lib/Resolver.js:718:5
[2026-05-05T05:56:29.540Z] at eval (eval at create (/home/ubuntu/mitologia_landing/node_modules/.pnpm/tapable@2.3.0/node_modules/tapable/lib/HookCodeFactory.js:31:10), <anonymous>:16:1)
[2026-05-05T05:56:29.540Z] at /home/ubuntu/mitologia_landing/node_modules/.pnpm/enhanced-resolve@5.18.3/node_modules/enhanced-resolve/lib/Resolver.js:718:5
[2026-05-05T05:56:29.540Z] at eval (eval at create (/home/ubuntu/mitologia_landing/node_modules/.pnpm/tapable@2.3.0/node_modules/tapable/lib/HookCodeFactory.js:31:10), <anonymous>:15:1)
[2026-05-05T05:56:29.541Z] at /home/ubuntu/mitologia_landing/node_modules/.pnpm/enhanced-resolve@5.18.3/node_modules/enhanced-resolve/lib/Resolver.js:718:5
[2026-05-05T05:56:29.542Z] at eval (eval at create (/home/ubuntu/mitologia_landing/node_modules/.pnpm/tapable@2.3.0/node_modules/tapable/lib/HookCodeFactory.js:31:10), <anonymous>:15:1)
[2026-05-05T05:56:29.542Z] at /home/ubuntu/mitologia_landing/node_modules/.pnpm/enhanced-resolve@5.18.3/node_modules/enhanced-resolve/lib/FileExistsPlugin.js:39:14
[2026-05-05T05:56:29.543Z] at SyncAsyncFileSystemDecorator.stat (/home/ubuntu/mitologia_landing/node_modules/.pnpm/enhanced-resolve@5.18.3/node_modules/enhanced-resolve/lib/SyncAsyncFileSystemDecorator.js:66:34)
[2026-05-05T05:56:29.544Z] at /home/ubuntu/mitologia_landing/node_modules/.pnpm/enhanced-resolve@5.18.3/node_modules/enhanced-resolve/lib/FileExistsPlugin.js:33:8
[2026-05-05T05:56:29.544Z] at Hook.eval [as callAsync] (eval at create (/home/ubuntu/mitologia_landing/node_modules/.pnpm/tapable@2.3.0/node_modules/tapable/lib/HookCodeFactory.js:31:10), <anonymous>:7:1)
[2026-05-05T05:56:29.545Z] at Resolver.doResolve (/home/ubuntu/mitologia_landing/node_modules/.pnpm/enhanced-resolve@5.18.3/node_modules/enhanced-resolve/lib/Resolver.js:715:16)
[2026-05-05T05:56:29.545Z] at /home/ubuntu/mitologia_landing/node_modules/.pnpm/enhanced-resolve@5.18.3/node_modules/enhanced-resolve/lib/NextPlugin.js:30:14
[2026-05-05T05:56:29.546Z] at Hook.eval [as callAsync] (eval at create (/home/ubuntu/mitologia_landing/node_modules/.pnpm/tapable@2.3.0/node_modules/tapable/lib/HookCodeFactory.js:31:10), <anonymous>:7:1)
[2026-05-05T05:56:29.549Z] at Resolver.doResolve (/home/ubuntu/mitologia_landing/node_modules/.pnpm/enhanced-resolve@5.18.3/node_modules/enhanced-resolve/lib/Resolver.js:715:16)
[2026-05-05T05:56:29.549Z] at /home/ubuntu/mitologia_landing/node_modules/.pnpm/enhanced-resolve@5.18.3/node_modules/enhanced-resolve/lib/AppendPlugin.js:40:14
[2026-05-05T05:56:29.550Z] at _next1 (eval at create (/home/ubuntu/mitologia_landing/node_modules/.pnpm/tapable@2.3.0/node_modules/tapable/lib/HookCodeFactory.js:31:10), <anonymous>:8:1)
[2026-05-05T05:56:29.550Z] at eval (eval at create (/home/ubuntu/mitologia_landing/node_modules/.pnpm/tapable@2.3.0/node_modules/tapable/lib/HookCodeFactory.js:31:10), <anonymous>:31:1)
[2026-05-05T05:56:29.551Z] at /home/ubuntu/mitologia_landing/node_modules/.pnpm/enhanced-resolve@5.18.3/node_modules/enhanced-resolve/lib/Resolver.js:718:5
[2026-05-05T05:56:29.551Z] at eval (eval at create (/home/ubuntu/mitologia_landing/node_modules/.pnpm/tapable@2.3.0/node_modules/tapable/lib/HookCodeFactory.js:31:10), <anonymous>:15:1)
[2026-05-05T05:56:29.552Z] at /home/ubuntu/mitologia_landing/node_modules/.pnpm/enhanced-resolve@5.18.3/node_modules/enhanced-resolve/lib/Resolver.js:718:5
[2026-05-05T05:56:29.552Z] at eval (eval at create (/home/ubuntu/mitologia_landing/node_modules/.pnpm/tapable@2.3.0/node_modules/tapable/lib/HookCodeFactory.js:31:10), <anonymous>:15:1)
[2026-05-05T05:56:29.553Z] at /home/ubuntu/mitologia_landing/node_modules/.pnpm/enhanced-resolve@5.18.3/node_modules/enhanced-resolve/lib/FileExistsPlugin.js:39:14
